// Jest Snapshot v1, https://goo.gl/fbAQLP

exports[`icon first time 1`] = `
<i
  className="iconfont iconwechat"
/>
`;
